export const snapshot = {};

snapshot[`E2E: Protocol to OpenAPI - file upload protocol 1`] = `
{
  description: "Multi-part file upload protocol",
  initial: "initiate",
  name: "FileUpload",
  steps: [
    {
      description: "Initialize file upload",
      name: "initiate",
      next: [
        "upload",
        "complete",
        "abort",
      ],
    },
    {
      dependsOn: "initiate",
      description: "Upload a file part",
      name: "upload",
    },
    {
      dependsOn: "initiate",
      description: "Complete the upload",
      name: "complete",
    },
    {
      dependsOn: "initiate",
      description: "Abort the upload",
      name: "abort",
    },
  ],
  terminal: [
    "complete",
    "abort",
  ],
}
`;

snapshot[`E2E: Protocol to OpenAPI - OAuth protocol 1`] = `
{
  description: "OAuth 2.0 Authorization Code Grant (RFC 6749 Section 4.1)",
  initial: "authorize",
  name: "OAuth2AuthorizationCode",
  steps: [
    {
      description: "Redirect user to authorization server for authentication",
      name: "authorize",
      next: [
        "exchange",
      ],
    },
    {
      dependsOn: "authorize",
      description: "Exchange authorization code for access token",
      name: "exchange",
      next: [
        "refresh",
        "revoke",
      ],
    },
    {
      dependsOn: "exchange",
      description: "Refresh access token using refresh token",
      name: "refresh",
    },
    {
      dependsOn: "exchange",
      description: "Revoke access or refresh token",
      name: "revoke",
    },
  ],
  terminal: [
    "revoke",
  ],
}
`;
