export const snapshot = {};

snapshot[`generateProtocolTypesFromModule produces branded types from fixture 1`] = `
'// Generated types for protocol: TestAuth

declare const __brand: unique symbol;
type StepOutput<T, Step extends string, Field extends string> = T & {
  readonly [__brand]: [Step, Field];
};

// Step: login
export type LoginRequest = { username: string; password: string; };
export type LoginResponse = { token: StepOutput<string, "login", "token">; userId: string; };

// Step: profile
export type ProfileRequest = { token: StepOutput<string, "login", "token">; fields: string[]; };
export type ProfileResponse = { name: string; email: string; };

'
`;
